// Jest Snapshot v1, https://goo.gl/fbAQLP

exports[`AddProperty renders AddProperty page correctly 1`] = `
<DocumentFragment>
  <div
    class="add-property"
  >
    <h2
      class="add-property__heading"
    >
      Add Property
    </h2>
    <form
      class="add-property__form"
    >
      <div
        class="form__title"
      >
        <label
          data-testid="first-label"
          for="title"
        >
          <p>
            Give your listing a title
          </p>
          <input
            id="title"
            name="title"
            value=""
          />
        </label>
      </div>
      <div
        class="form__selector selector__city"
      >
        <label
          for="city"
        >
          <p>
            City
          </p>
          <select
            id="city"
            name="city"
          >
            <option
              value="Manchester"
            >
              Manchester
            </option>
            <option
              value="Leeds"
            >
              Leeds
            </option>
            <option
              value="Sheffield"
            >
              Sheffield
            </option>
            <option
              value="Liverpool"
            >
              Liverpool
            </option>
          </select>
        </label>
      </div>
      <div
        class="form__selector selector__type"
      >
        <label
          for="type"
        >
          <p>
            Type
          </p>
          <select
            id="type"
            name="type"
          >
            <option
              value="Flat"
            >
              Flat
            </option>
            <option
              value="Detached"
            >
              Detached
            </option>
            <option
              value="Semi-Detached"
            >
              Semi-Detached
            </option>
            <option
              value="Terraced"
            >
              Terraced
            </option>
            <option
              value="End of Terrace"
            >
              End of Terrace
            </option>
            <option
              value="Cottage"
            >
              Cottage
            </option>
            <option
              value="Bungalow"
            >
              Bungalow
            </option>
          </select>
        </label>
      </div>
      <div
        class="form__number-input number__beds"
      >
        <label
          for="bedrooms"
        >
          <p>
            Beds
          </p>
          <input
            id="bedrooms"
            inputmode="numeric"
            min="0"
            name="bedrooms"
            type="number"
            value="0"
          />
        </label>
      </div>
      <div
        class="form__number-input number__baths"
      >
        <label
          for="bathrooms"
        >
          <p>
            Baths
          </p>
          <input
            id="bathrooms"
            inputmode="numeric"
            min="0"
            name="bathrooms"
            type="number"
            value="0"
          />
        </label>
      </div>
      <div
        class="form__number-input number__price"
      >
        <label
          for="price"
        >
          <p>
            Price
          </p>
          <input
            id="price"
            inputmode="numeric"
            min="0"
            name="price"
            type="number"
            value="0"
          />
        </label>
      </div>
      <div
        class="form__email-input"
      >
        <label
          for="email"
        >
          <p>
            Email
          </p>
          <input
            id="email"
            name="email"
            value=""
          />
        </label>
      </div>
      <div
        class="form__button"
      >
        <button
          type="submit"
        >
          Add
        </button>
      </div>
    </form>
  </div>
</DocumentFragment>
`;
