// Jest Snapshot v1, https://goo.gl/fbAQLP

exports[`App renders app correctly 1`] = `
<DocumentFragment>
  <div
    class="app"
  >
    <div
      class="navbar"
    >
      <svg
        aria-label="Home icon"
        class="home-icon"
        fill="currentColor"
        height="1em"
        stroke="currentColor"
        stroke-width="0"
        viewBox="0 0 24 24"
        width="1em"
        xmlns="http://www.w3.org/2000/svg"
      >
        <path
          d="m12.223 11.641-.223.22-.224-.22a2.224 2.224 0 0 0-3.125 0 2.13 2.13 0 0 0 0 3.07L12 18l3.349-3.289a2.13 2.13 0 0 0 0-3.07 2.225 2.225 0 0 0-3.126 0z"
        />
        <path
          d="m21.707 11.293-9-9a.999.999 0 0 0-1.414 0l-9 9A1 1 0 0 0 3 13h1v7c0 1.103.897 2 2 2h12c1.103 0 2-.897 2-2v-7h1a1 1 0 0 0 .707-1.707zM18.001 20H6v-9.585l6-6 6 6V15l.001 5z"
        />
      </svg>
      <h1>
        surreal estate
      </h1>
      <ul
        class="navbar-links"
      >
        <li
          class="navbar-links-item"
        >
          <a
            href="/"
          >
            view properties
          </a>
        </li>
        <li
          class="navbar-links-item"
        >
          <a
            href="/add-property"
          >
            add property
          </a>
        </li>
      </ul>
    </div>
    <div
      class="properties"
    >
      <h2
        class="properties__heading"
      >
        Properties
      </h2>
      <div
        class="property-card"
      >
        <h3>
          title for property
        </h3>
        <p>
          Manchester - Flat
        </p>
        <p>
          Beds - 1
        </p>
        <p>
          Baths - 2
        </p>
        <p>
          £10000
        </p>
        <a
          href="mailto:test@test.com?subject=Interested%20in%20title for property&body=I%20have%20seen%20your%20property%20on%20Surreal%20Estate%2C%20and%20would%20like%20to%20request%20more%20information%20and%20arrange%20a%20viewing%20please."
        >
          Email
        </a>
      </div>
    </div>
  </div>
</DocumentFragment>
`;
