// Jest Snapshot v1, https://goo.gl/fbAQLP

exports[`PropertyCard renders bathrooms correctly 1`] = `
<DocumentFragment>
  <div
    class="property-card"
  >
    <h3>
      1 Bed Flat
    </h3>
    <p>
      Manchester - Flat
    </p>
    <p>
      Beds - 1
    </p>
    <p>
      Baths - 2
    </p>
    <p>
      £1000
    </p>
    <a
      href="mailto:george@clubpenguin.com?subject=Interested%20in1 Bed Flat&body=I%20have%20seen%20your%20property%20on%20Surreal%20Estate%2C%20aPropend%20would%20like%20to%20request%20more%20information%20and%20arrange%20a%20viewing%20please."
    >
      Email
    </a>
  </div>
</DocumentFragment>
`;

exports[`PropertyCard renders bedrooms correctly 1`] = `
<DocumentFragment>
  <div
    class="property-card"
  >
    <h3>
      1 Bed Flat
    </h3>
    <p>
      Manchester - Flat
    </p>
    <p>
      Beds - 1
    </p>
    <p>
      Baths - 2
    </p>
    <p>
      £1000
    </p>
    <a
      href="mailto:george@clubpenguin.com?subject=Interested%20in1 Bed Flat&body=I%20have%20seen%20your%20property%20on%20Surreal%20Estate%2C%20aPropend%20would%20like%20to%20request%20more%20information%20and%20arrange%20a%20viewing%20please."
    >
      Email
    </a>
  </div>
</DocumentFragment>
`;

exports[`PropertyCard renders city correctly 1`] = `
<DocumentFragment>
  <div
    class="property-card"
  >
    <h3>
      1 Bed Flat
    </h3>
    <p>
      Manchester - Flat
    </p>
    <p>
      Beds - 1
    </p>
    <p>
      Baths - 2
    </p>
    <p>
      £1000
    </p>
    <a
      href="mailto:george@clubpenguin.com?subject=Interested%20in1 Bed Flat&body=I%20have%20seen%20your%20property%20on%20Surreal%20Estate%2C%20aPropend%20would%20like%20to%20request%20more%20information%20and%20arrange%20a%20viewing%20please."
    >
      Email
    </a>
  </div>
</DocumentFragment>
`;

exports[`PropertyCard renders email correctly 1`] = `
<DocumentFragment>
  <div
    class="property-card"
  >
    <h3>
      1 Bed Flat
    </h3>
    <p>
      Manchester - Flat
    </p>
    <p>
      Beds - 1
    </p>
    <p>
      Baths - 2
    </p>
    <p>
      £1000
    </p>
    <a
      href="mailto:george@clubpenguin.com?subject=Interested%20in1 Bed Flat&body=I%20have%20seen%20your%20property%20on%20Surreal%20Estate%2C%20aPropend%20would%20like%20to%20request%20more%20information%20and%20arrange%20a%20viewing%20please."
    >
      Email
    </a>
  </div>
</DocumentFragment>
`;

exports[`PropertyCard renders price correctly 1`] = `
<DocumentFragment>
  <div
    class="property-card"
  >
    <h3>
      1 Bed Flat
    </h3>
    <p>
      Manchester - Flat
    </p>
    <p>
      Beds - 1
    </p>
    <p>
      Baths - 2
    </p>
    <p>
      £1000
    </p>
    <a
      href="mailto:george@clubpenguin.com?subject=Interested%20in1 Bed Flat&body=I%20have%20seen%20your%20property%20on%20Surreal%20Estate%2C%20aPropend%20would%20like%20to%20request%20more%20information%20and%20arrange%20a%20viewing%20please."
    >
      Email
    </a>
  </div>
</DocumentFragment>
`;

exports[`PropertyCard renders title correctly 1`] = `
<DocumentFragment>
  <div
    class="property-card"
  >
    <h3>
      1 Bed Flat
    </h3>
    <p>
      Manchester - Flat
    </p>
    <p>
      Beds - 1
    </p>
    <p>
      Baths - 2
    </p>
    <p>
      £1000
    </p>
    <a
      href="mailto:george@clubpenguin.com?subject=Interested%20in1 Bed Flat&body=I%20have%20seen%20your%20property%20on%20Surreal%20Estate%2C%20aPropend%20would%20like%20to%20request%20more%20information%20and%20arrange%20a%20viewing%20please."
    >
      Email
    </a>
  </div>
</DocumentFragment>
`;

exports[`PropertyCard renders type correctly 1`] = `
<DocumentFragment>
  <div
    class="property-card"
  >
    <h3>
      1 Bed Flat
    </h3>
    <p>
      Manchester - Flat
    </p>
    <p>
      Beds - 1
    </p>
    <p>
      Baths - 2
    </p>
    <p>
      £1000
    </p>
    <a
      href="mailto:george@clubpenguin.com?subject=Interested%20in1 Bed Flat&body=I%20have%20seen%20your%20property%20on%20Surreal%20Estate%2C%20aPropend%20would%20like%20to%20request%20more%20information%20and%20arrange%20a%20viewing%20please."
    >
      Email
    </a>
  </div>
</DocumentFragment>
`;
